// Jest Snapshot v1, https://goo.gl/fbAQLP

exports[`HeaderWithBackButton Component renders correctly with a title 1`] = `
<View
  style={
    {
      "alignItems": "center",
      "flexDirection": "row",
      "padding": 10,
      "shadowRadius": 4,
    }
  }
>
  <View
    accessibilityState={
      {
        "busy": undefined,
        "checked": undefined,
        "disabled": undefined,
        "expanded": undefined,
        "selected": undefined,
      }
    }
    accessibilityValue={
      {
        "max": undefined,
        "min": undefined,
        "now": undefined,
        "text": undefined,
      }
    }
    accessible={true}
    collapsable={false}
    focusable={true}
    onClick={[Function]}
    onResponderGrant={[Function]}
    onResponderMove={[Function]}
    onResponderRelease={[Function]}
    onResponderTerminate={[Function]}
    onResponderTerminationRequest={[Function]}
    onStartShouldSetResponder={[Function]}
    style={
      {
        "marginRight": 10,
        "opacity": 1,
      }
    }
  >
    <Icon
      color="black"
      name="arrow-back"
      size={24}
    />
  </View>
  <Text
    style={
      {
        "fontSize": 18,
        "fontWeight": "bold",
      }
    }
  >
    Test Title
  </Text>
</View>
`;
